This file contains any messages produced by compilers while
running configure, to aid debugging if configure makes a mistake.

It was created by Verilator configure 5.008 2023-03-04, which was
generated by GNU Autoconf 2.71.  Invocation command line was

  $ ./configure

## --------- ##
## Platform. ##
## --------- ##

hostname = xiaoyuwen-VMware-Virtual-Platform
uname -m = x86_64
uname -r = 6.8.0-52-generic
uname -s = Linux
uname -v = #53-Ubuntu SMP PREEMPT_DYNAMIC Sat Jan 11 00:06:25 UTC 2025

/usr/bin/uname -p = x86_64
/bin/uname -X     = unknown

/bin/arch              = x86_64
/usr/bin/arch -k       = unknown
/usr/convex/getsysinfo = unknown
/usr/bin/hostinfo      = unknown
/bin/machine           = unknown
/usr/bin/oslevel       = unknown
/bin/universe          = unknown

PATH: /usr/local/sbin/
PATH: /usr/local/bin/
PATH: /usr/sbin/
PATH: /usr/bin/
PATH: /sbin/
PATH: /bin/
PATH: /usr/games/
PATH: /usr/local/games/
PATH: /snap/bin/
PATH: /snap/bin/


## ----------- ##
## Core tests. ##
## ----------- ##

configure:2652: looking for aux files: install-sh
configure:2665:  trying ./
configure:2676:   ./install-sh found
configure:2812: result: configuring for Verilator 5.008 2023-03-04
configure:2843: checking whether to perform partial static linking of Verilator binary
configure:2857: result: yes
configure:2861: checking whether to use tcmalloc
configure:2875: result: check
configure:2879: checking whether to use -m32
configure:2893: result: no
configure:2897: checking whether to build for coverage collection
configure:2911: result: no
configure:2915: checking whether to use hardcoded paths
configure:2930: result: yes
configure:2934: checking whether to show and stop on compilation warnings
configure:2953: result: no
configure:2957: checking whether to run long tests
configure:2976: result: no
configure:3048: checking for gcc
configure:3069: found /usr/bin/gcc
configure:3080: result: gcc
configure:3433: checking for C compiler version
configure:3442: gcc --version >&5
gcc (Ubuntu 13.3.0-6ubuntu2~24.04) 13.3.0
Copyright (C) 2023 Free Software Foundation, Inc.
This is free software; see the source for copying conditions.  There is NO
warranty; not even for MERCHANTABILITY or FITNESS FOR A PARTICULAR PURPOSE.

configure:3453: $? = 0
configure:3442: gcc -v >&5
Using built-in specs.
COLLECT_GCC=gcc
COLLECT_LTO_WRAPPER=/usr/libexec/gcc/x86_64-linux-gnu/13/lto-wrapper
OFFLOAD_TARGET_NAMES=nvptx-none:amdgcn-amdhsa
OFFLOAD_TARGET_DEFAULT=1
Target: x86_64-linux-gnu
Configured with: ../src/configure -v --with-pkgversion='Ubuntu 13.3.0-6ubuntu2~24.04' --with-bugurl=file:///usr/share/doc/gcc-13/README.Bugs --enable-languages=c,ada,c++,go,d,fortran,objc,obj-c++,m2 --prefix=/usr --with-gcc-major-version-only --program-suffix=-13 --program-prefix=x86_64-linux-gnu- --enable-shared --enable-linker-build-id --libexecdir=/usr/libexec --without-included-gettext --enable-threads=posix --libdir=/usr/lib --enable-nls --enable-bootstrap --enable-clocale=gnu --enable-libstdcxx-debug --enable-libstdcxx-time=yes --with-default-libstdcxx-abi=new --enable-libstdcxx-backtrace --enable-gnu-unique-object --disable-vtable-verify --enable-plugin --enable-default-pie --with-system-zlib --enable-libphobos-checking=release --with-target-system-zlib=auto --enable-objc-gc=auto --enable-multiarch --disable-werror --enable-cet --with-arch-32=i686 --with-abi=m64 --with-multilib-list=m32,m64,mx32 --enable-multilib --with-tune=generic --enable-offload-targets=nvptx-none=/build/gcc-13-fG75Ri/gcc-13-13.3.0/debian/tmp-nvptx/usr,amdgcn-amdhsa=/build/gcc-13-fG75Ri/gcc-13-13.3.0/debian/tmp-gcn/usr --enable-offload-defaulted --without-cuda-driver --enable-checking=release --build=x86_64-linux-gnu --host=x86_64-linux-gnu --target=x86_64-linux-gnu --with-build-config=bootstrap-lto-lean --enable-link-serialization=2
Thread model: posix
Supported LTO compression algorithms: zlib zstd
gcc version 13.3.0 (Ubuntu 13.3.0-6ubuntu2~24.04) 
... rest of stderr output deleted ...
configure:3453: $? = 0
configure:3442: gcc -V >&5
gcc: error: unrecognized command-line option '-V'
gcc: fatal error: no input files
compilation terminated.
configure:3453: $? = 1
configure:3442: gcc -qversion >&5
gcc: error: unrecognized command-line option '-qversion'; did you mean '--version'?
gcc: fatal error: no input files
compilation terminated.
configure:3453: $? = 1
configure:3442: gcc -version >&5
gcc: error: unrecognized command-line option '-version'
gcc: fatal error: no input files
compilation terminated.
configure:3453: $? = 1
configure:3473: checking whether the C compiler works
configure:3495: gcc       conftest.c  >&5
configure:3499: $? = 0
configure:3549: result: yes
configure:3552: checking for C compiler default output file name
configure:3554: result: a.out
configure:3560: checking for suffix of executables
configure:3567: gcc -o conftest       conftest.c  >&5
configure:3571: $? = 0
configure:3594: result: 
configure:3616: checking whether we are cross compiling
configure:3624: gcc -o conftest       conftest.c  >&5
configure:3628: $? = 0
configure:3635: ./conftest
configure:3639: $? = 0
configure:3654: result: no
configure:3659: checking for suffix of object files
configure:3682: gcc -c     conftest.c >&5
configure:3686: $? = 0
configure:3708: result: o
configure:3712: checking whether the compiler supports GNU C
configure:3732: gcc -c     conftest.c >&5
configure:3732: $? = 0
configure:3742: result: yes
configure:3753: checking whether gcc accepts -g
configure:3774: gcc -c -g   conftest.c >&5
configure:3774: $? = 0
configure:3818: result: yes
configure:3838: checking for gcc option to enable C11 features
configure:3853: gcc  -c     conftest.c >&5
configure:3853: $? = 0
configure:3871: result: none needed
configure:4050: checking for g++
configure:4071: found /usr/bin/g++
configure:4082: result: g++
configure:4109: checking for C++ compiler version
configure:4118: g++ --version >&5
g++ (Ubuntu 13.3.0-6ubuntu2~24.04) 13.3.0
Copyright (C) 2023 Free Software Foundation, Inc.
This is free software; see the source for copying conditions.  There is NO
warranty; not even for MERCHANTABILITY or FITNESS FOR A PARTICULAR PURPOSE.

configure:4129: $? = 0
configure:4118: g++ -v >&5
Using built-in specs.
COLLECT_GCC=g++
COLLECT_LTO_WRAPPER=/usr/libexec/gcc/x86_64-linux-gnu/13/lto-wrapper
OFFLOAD_TARGET_NAMES=nvptx-none:amdgcn-amdhsa
OFFLOAD_TARGET_DEFAULT=1
Target: x86_64-linux-gnu
Configured with: ../src/configure -v --with-pkgversion='Ubuntu 13.3.0-6ubuntu2~24.04' --with-bugurl=file:///usr/share/doc/gcc-13/README.Bugs --enable-languages=c,ada,c++,go,d,fortran,objc,obj-c++,m2 --prefix=/usr --with-gcc-major-version-only --program-suffix=-13 --program-prefix=x86_64-linux-gnu- --enable-shared --enable-linker-build-id --libexecdir=/usr/libexec --without-included-gettext --enable-threads=posix --libdir=/usr/lib --enable-nls --enable-bootstrap --enable-clocale=gnu --enable-libstdcxx-debug --enable-libstdcxx-time=yes --with-default-libstdcxx-abi=new --enable-libstdcxx-backtrace --enable-gnu-unique-object --disable-vtable-verify --enable-plugin --enable-default-pie --with-system-zlib --enable-libphobos-checking=release --with-target-system-zlib=auto --enable-objc-gc=auto --enable-multiarch --disable-werror --enable-cet --with-arch-32=i686 --with-abi=m64 --with-multilib-list=m32,m64,mx32 --enable-multilib --with-tune=generic --enable-offload-targets=nvptx-none=/build/gcc-13-fG75Ri/gcc-13-13.3.0/debian/tmp-nvptx/usr,amdgcn-amdhsa=/build/gcc-13-fG75Ri/gcc-13-13.3.0/debian/tmp-gcn/usr --enable-offload-defaulted --without-cuda-driver --enable-checking=release --build=x86_64-linux-gnu --host=x86_64-linux-gnu --target=x86_64-linux-gnu --with-build-config=bootstrap-lto-lean --enable-link-serialization=2
Thread model: posix
Supported LTO compression algorithms: zlib zstd
gcc version 13.3.0 (Ubuntu 13.3.0-6ubuntu2~24.04) 
... rest of stderr output deleted ...
configure:4129: $? = 0
configure:4118: g++ -V >&5
g++: error: unrecognized command-line option '-V'
g++: fatal error: no input files
compilation terminated.
configure:4129: $? = 1
configure:4118: g++ -qversion >&5
g++: error: unrecognized command-line option '-qversion'; did you mean '--version'?
g++: fatal error: no input files
compilation terminated.
configure:4129: $? = 1
configure:4133: checking whether the compiler supports GNU C++
configure:4153: g++ -c     conftest.cpp >&5
configure:4153: $? = 0
configure:4163: result: yes
configure:4174: checking whether g++ accepts -g
configure:4195: g++ -c -g   conftest.cpp >&5
configure:4195: $? = 0
configure:4239: result: yes
configure:4259: checking for g++ option to enable C++11 features
configure:4274: g++  -c     conftest.cpp >&5
conftest.cpp: In function 'int main(int, char**)':
conftest.cpp:176:25: warning: empty parentheses were disambiguated as a function declaration [-Wvexing-parse]
  176 |   cxx11test::delegate d2();
      |                         ^~
conftest.cpp:176:25: note: remove parentheses to default-initialize a variable
  176 |   cxx11test::delegate d2();
      |                         ^~
      |                         --
conftest.cpp:176:25: note: or replace parentheses with braces to value-initialize a variable
configure:4274: $? = 0
configure:4292: result: none needed
configure:4372: checking for a BSD-compatible install
configure:4445: result: /usr/bin/install -c
configure:4464: result: compiler is g++ --version = g++ (Ubuntu 13.3.0-6ubuntu2~24.04) 13.3.0
configure:4466: checking that C++ compiler can compile simple program
configure:4478: g++ -o conftest       conftest.cpp  >&5
configure:4478: $? = 0
configure:4478: ./conftest
configure:4478: $? = 0
configure:4480: result: yes
configure:4493: checking for ar
configure:4514: found /usr/bin/ar
configure:4525: result: ar
configure:4539: checking for perl
configure:4562: found /usr/bin/perl
configure:4574: result: /usr/bin/perl
configure:4588: checking for python3
configure:4611: found /usr/bin/python3
configure:4623: result: /usr/bin/python3
configure:4637: checking for flex
configure:4660: found /usr/bin/flex
configure:4672: result: /usr/bin/flex
configure:4684: result: /usr/bin/flex --version = flex 2.6.4
configure:4689: checking for bison
configure:4712: found /usr/bin/bison
configure:4724: result: /usr/bin/bison
configure:4736: result: /usr/bin/bison --version = bison (GNU Bison) 3.8.2
configure:4741: checking for ccache
configure:4762: found /usr/bin/ccache
configure:4773: result: ccache
configure:4783: result: objcache is ccache --version = ccache version 4.9.1
configure:4794: checking for stdio.h
configure:4794: g++ -c     conftest.cpp >&5
configure:4794: $? = 0
configure:4794: result: yes
configure:4794: checking for stdlib.h
configure:4794: g++ -c     conftest.cpp >&5
configure:4794: $? = 0
configure:4794: result: yes
configure:4794: checking for string.h
configure:4794: g++ -c     conftest.cpp >&5
configure:4794: $? = 0
configure:4794: result: yes
configure:4794: checking for inttypes.h
configure:4794: g++ -c     conftest.cpp >&5
configure:4794: $? = 0
configure:4794: result: yes
configure:4794: checking for stdint.h
configure:4794: g++ -c     conftest.cpp >&5
configure:4794: $? = 0
configure:4794: result: yes
configure:4794: checking for strings.h
configure:4794: g++ -c     conftest.cpp >&5
configure:4794: $? = 0
configure:4794: result: yes
configure:4794: checking for sys/stat.h
configure:4794: g++ -c     conftest.cpp >&5
configure:4794: $? = 0
configure:4794: result: yes
configure:4794: checking for sys/types.h
configure:4794: g++ -c     conftest.cpp >&5
configure:4794: $? = 0
configure:4794: result: yes
configure:4794: checking for unistd.h
configure:4794: g++ -c     conftest.cpp >&5
configure:4794: $? = 0
configure:4794: result: yes
configure:4819: checking for size_t
configure:4819: g++ -c     conftest.cpp >&5
configure:4819: $? = 0
configure:4819: g++ -c     conftest.cpp >&5
conftest.cpp: In function 'int main()':
conftest.cpp:51:20: error: expected primary-expression before ')' token
   51 | if (sizeof ((size_t)))
      |                    ^
configure:4819: $? = 1
configure: failed program was:
| /* confdefs.h */
| #define PACKAGE_NAME "Verilator"
| #define PACKAGE_TARNAME "verilator"
| #define PACKAGE_VERSION "5.008 2023-03-04"
| #define PACKAGE_STRING "Verilator 5.008 2023-03-04"
| #define PACKAGE_BUGREPORT "https://verilator.org"
| #define PACKAGE_URL "https://verilator.org"
| #define PACKAGE_VERSION_NUMBER_STRING "5.008"
| #define HAVE_STDIO_H 1
| #define HAVE_STDLIB_H 1
| #define HAVE_STRING_H 1
| #define HAVE_INTTYPES_H 1
| #define HAVE_STDINT_H 1
| #define HAVE_STRINGS_H 1
| #define HAVE_SYS_STAT_H 1
| #define HAVE_SYS_TYPES_H 1
| #define HAVE_UNISTD_H 1
| #define STDC_HEADERS 1
| /* end confdefs.h.  */
| #include <stddef.h>
| #ifdef HAVE_STDIO_H
| # include <stdio.h>
| #endif
| #ifdef HAVE_STDLIB_H
| # include <stdlib.h>
| #endif
| #ifdef HAVE_STRING_H
| # include <string.h>
| #endif
| #ifdef HAVE_INTTYPES_H
| # include <inttypes.h>
| #endif
| #ifdef HAVE_STDINT_H
| # include <stdint.h>
| #endif
| #ifdef HAVE_STRINGS_H
| # include <strings.h>
| #endif
| #ifdef HAVE_SYS_TYPES_H
| # include <sys/types.h>
| #endif
| #ifdef HAVE_SYS_STAT_H
| # include <sys/stat.h>
| #endif
| #ifdef HAVE_UNISTD_H
| # include <unistd.h>
| #endif
| int
| main (void)
| {
| if (sizeof ((size_t)))
| 	    return 0;
|   ;
|   return 0;
| }
configure:4819: result: yes
configure:4829: checking for size_t
configure:4829: result: yes
configure:4841: checking for inline
configure:4858: g++ -c     conftest.cpp >&5
configure:4858: $? = 0
configure:4867: result: inline
configure:4897: g++ -o conftest       conftest.cpp  >&5
configure:4897: $? = 0
configure:5338: checking whether g++ accepts -pg
configure:5351: g++ -o conftest   -pg -Werror     conftest.cpp  >&5
configure:5351: $? = 0
configure:5379: g++ -c   -pg -Werror   conftest.cpp >&5
conftest.cpp:20:1: error: 'an_error' does not name a type
   20 | an_error "intentional-error-for-test.h"
      | ^~~~~~~~
configure:5379: $? = 1
configure: failed program was:
| /* confdefs.h */
| #define PACKAGE_NAME "Verilator"
| #define PACKAGE_TARNAME "verilator"
| #define PACKAGE_VERSION "5.008 2023-03-04"
| #define PACKAGE_STRING "Verilator 5.008 2023-03-04"
| #define PACKAGE_BUGREPORT "https://verilator.org"
| #define PACKAGE_URL "https://verilator.org"
| #define PACKAGE_VERSION_NUMBER_STRING "5.008"
| #define HAVE_STDIO_H 1
| #define HAVE_STDLIB_H 1
| #define HAVE_STRING_H 1
| #define HAVE_INTTYPES_H 1
| #define HAVE_STDINT_H 1
| #define HAVE_STRINGS_H 1
| #define HAVE_SYS_STAT_H 1
| #define HAVE_SYS_TYPES_H 1
| #define HAVE_UNISTD_H 1
| #define STDC_HEADERS 1
| /* end confdefs.h.  */
| an_error "intentional-error-for-test.h"
| 
| int
| main (void)
| {
| 
|   ;
|   return 0;
| }
configure:5391: result: yes
configure:5427: checking whether g++ accepts -std=gnu++17
configure:5440: g++ -o conftest   -std=gnu++17 -Werror     conftest.cpp  >&5
configure:5440: $? = 0
configure:5468: g++ -c   -std=gnu++17 -Werror   conftest.cpp >&5
conftest.cpp:20:1: error: 'an_error' does not name a type
   20 | an_error "intentional-error-for-test.h"
      | ^~~~~~~~
configure:5468: $? = 1
configure: failed program was:
| /* confdefs.h */
| #define PACKAGE_NAME "Verilator"
| #define PACKAGE_TARNAME "verilator"
| #define PACKAGE_VERSION "5.008 2023-03-04"
| #define PACKAGE_STRING "Verilator 5.008 2023-03-04"
| #define PACKAGE_BUGREPORT "https://verilator.org"
| #define PACKAGE_URL "https://verilator.org"
| #define PACKAGE_VERSION_NUMBER_STRING "5.008"
| #define HAVE_STDIO_H 1
| #define HAVE_STDLIB_H 1
| #define HAVE_STRING_H 1
| #define HAVE_INTTYPES_H 1
| #define HAVE_STDINT_H 1
| #define HAVE_STRINGS_H 1
| #define HAVE_SYS_STAT_H 1
| #define HAVE_SYS_TYPES_H 1
| #define HAVE_UNISTD_H 1
| #define STDC_HEADERS 1
| /* end confdefs.h.  */
| an_error "intentional-error-for-test.h"
| 
| int
| main (void)
| {
| 
|   ;
|   return 0;
| }
configure:5480: result: yes
configure:5910: checking whether g++ accepts -Wextra
configure:5923: g++ -o conftest   -Wextra -Werror     conftest.cpp  >&5
configure:5923: $? = 0
configure:5951: g++ -c   -Wextra -Werror   conftest.cpp >&5
conftest.cpp:20:1: error: 'an_error' does not name a type
   20 | an_error "intentional-error-for-test.h"
      | ^~~~~~~~
configure:5951: $? = 1
configure: failed program was:
| /* confdefs.h */
| #define PACKAGE_NAME "Verilator"
| #define PACKAGE_TARNAME "verilator"
| #define PACKAGE_VERSION "5.008 2023-03-04"
| #define PACKAGE_STRING "Verilator 5.008 2023-03-04"
| #define PACKAGE_BUGREPORT "https://verilator.org"
| #define PACKAGE_URL "https://verilator.org"
| #define PACKAGE_VERSION_NUMBER_STRING "5.008"
| #define HAVE_STDIO_H 1
| #define HAVE_STDLIB_H 1
| #define HAVE_STRING_H 1
| #define HAVE_INTTYPES_H 1
| #define HAVE_STDINT_H 1
| #define HAVE_STRINGS_H 1
| #define HAVE_SYS_STAT_H 1
| #define HAVE_SYS_TYPES_H 1
| #define HAVE_UNISTD_H 1
| #define STDC_HEADERS 1
| /* end confdefs.h.  */
| an_error "intentional-error-for-test.h"
| 
| int
| main (void)
| {
| 
|   ;
|   return 0;
| }
configure:5963: result: yes
configure:5988: checking whether g++ accepts -Wfloat-conversion
configure:6001: g++ -o conftest   -Wfloat-conversion -Werror     conftest.cpp  >&5
configure:6001: $? = 0
configure:6029: g++ -c   -Wfloat-conversion -Werror   conftest.cpp >&5
conftest.cpp:20:1: error: 'an_error' does not name a type
   20 | an_error "intentional-error-for-test.h"
      | ^~~~~~~~
configure:6029: $? = 1
configure: failed program was:
| /* confdefs.h */
| #define PACKAGE_NAME "Verilator"
| #define PACKAGE_TARNAME "verilator"
| #define PACKAGE_VERSION "5.008 2023-03-04"
| #define PACKAGE_STRING "Verilator 5.008 2023-03-04"
| #define PACKAGE_BUGREPORT "https://verilator.org"
| #define PACKAGE_URL "https://verilator.org"
| #define PACKAGE_VERSION_NUMBER_STRING "5.008"
| #define HAVE_STDIO_H 1
| #define HAVE_STDLIB_H 1
| #define HAVE_STRING_H 1
| #define HAVE_INTTYPES_H 1
| #define HAVE_STDINT_H 1
| #define HAVE_STRINGS_H 1
| #define HAVE_SYS_STAT_H 1
| #define HAVE_SYS_TYPES_H 1
| #define HAVE_UNISTD_H 1
| #define STDC_HEADERS 1
| /* end confdefs.h.  */
| an_error "intentional-error-for-test.h"
| 
| int
| main (void)
| {
| 
|   ;
|   return 0;
| }
configure:6041: result: yes
configure:6066: checking whether g++ accepts -Wlogical-op
configure:6079: g++ -o conftest   -Wlogical-op -Werror     conftest.cpp  >&5
configure:6079: $? = 0
configure:6107: g++ -c   -Wlogical-op -Werror   conftest.cpp >&5
conftest.cpp:20:1: error: 'an_error' does not name a type
   20 | an_error "intentional-error-for-test.h"
      | ^~~~~~~~
configure:6107: $? = 1
configure: failed program was:
| /* confdefs.h */
| #define PACKAGE_NAME "Verilator"
| #define PACKAGE_TARNAME "verilator"
| #define PACKAGE_VERSION "5.008 2023-03-04"
| #define PACKAGE_STRING "Verilator 5.008 2023-03-04"
| #define PACKAGE_BUGREPORT "https://verilator.org"
| #define PACKAGE_URL "https://verilator.org"
| #define PACKAGE_VERSION_NUMBER_STRING "5.008"
| #define HAVE_STDIO_H 1
| #define HAVE_STDLIB_H 1
| #define HAVE_STRING_H 1
| #define HAVE_INTTYPES_H 1
| #define HAVE_STDINT_H 1
| #define HAVE_STRINGS_H 1
| #define HAVE_SYS_STAT_H 1
| #define HAVE_SYS_TYPES_H 1
| #define HAVE_UNISTD_H 1
| #define STDC_HEADERS 1
| /* end confdefs.h.  */
| an_error "intentional-error-for-test.h"
| 
| int
| main (void)
| {
| 
|   ;
|   return 0;
| }
configure:6119: result: yes
configure:6144: checking whether g++ accepts -Wthread-safety
configure:6157: g++ -o conftest   -Wthread-safety -Werror     conftest.cpp  >&5
g++: error: unrecognized command-line option '-Wthread-safety'
configure:6157: $? = 1
configure: failed program was:
| /* confdefs.h */
| #define PACKAGE_NAME "Verilator"
| #define PACKAGE_TARNAME "verilator"
| #define PACKAGE_VERSION "5.008 2023-03-04"
| #define PACKAGE_STRING "Verilator 5.008 2023-03-04"
| #define PACKAGE_BUGREPORT "https://verilator.org"
| #define PACKAGE_URL "https://verilator.org"
| #define PACKAGE_VERSION_NUMBER_STRING "5.008"
| #define HAVE_STDIO_H 1
| #define HAVE_STDLIB_H 1
| #define HAVE_STRING_H 1
| #define HAVE_INTTYPES_H 1
| #define HAVE_STDINT_H 1
| #define HAVE_STRINGS_H 1
| #define HAVE_SYS_STAT_H 1
| #define HAVE_SYS_TYPES_H 1
| #define HAVE_UNISTD_H 1
| #define STDC_HEADERS 1
| /* end confdefs.h.  */
| #include <new>
| int
| main (void)
| {
| int* a=new int; delete a;
|   ;
|   return 0;
| }
configure:6185: g++ -c   -Wthread-safety -Werror   conftest.cpp >&5
g++: error: unrecognized command-line option '-Wthread-safety'
configure:6185: $? = 1
configure: failed program was:
| /* confdefs.h */
| #define PACKAGE_NAME "Verilator"
| #define PACKAGE_TARNAME "verilator"
| #define PACKAGE_VERSION "5.008 2023-03-04"
| #define PACKAGE_STRING "Verilator 5.008 2023-03-04"
| #define PACKAGE_BUGREPORT "https://verilator.org"
| #define PACKAGE_URL "https://verilator.org"
| #define PACKAGE_VERSION_NUMBER_STRING "5.008"
| #define HAVE_STDIO_H 1
| #define HAVE_STDLIB_H 1
| #define HAVE_STRING_H 1
| #define HAVE_INTTYPES_H 1
| #define HAVE_STDINT_H 1
| #define HAVE_STRINGS_H 1
| #define HAVE_SYS_STAT_H 1
| #define HAVE_SYS_TYPES_H 1
| #define HAVE_UNISTD_H 1
| #define STDC_HEADERS 1
| /* end confdefs.h.  */
| an_error "intentional-error-for-test.h"
| 
| int
| main (void)
| {
| 
|   ;
|   return 0;
| }
configure:6197: result: no
configure:6222: checking whether g++ accepts -fcoroutines-ts
configure:6235: g++ -o conftest   -fcoroutines-ts -Werror     conftest.cpp  >&5
g++: error: unrecognized command-line option '-fcoroutines-ts'; did you mean '-fcoroutines'?
configure:6235: $? = 1
configure: failed program was:
| /* confdefs.h */
| #define PACKAGE_NAME "Verilator"
| #define PACKAGE_TARNAME "verilator"
| #define PACKAGE_VERSION "5.008 2023-03-04"
| #define PACKAGE_STRING "Verilator 5.008 2023-03-04"
| #define PACKAGE_BUGREPORT "https://verilator.org"
| #define PACKAGE_URL "https://verilator.org"
| #define PACKAGE_VERSION_NUMBER_STRING "5.008"
| #define HAVE_STDIO_H 1
| #define HAVE_STDLIB_H 1
| #define HAVE_STRING_H 1
| #define HAVE_INTTYPES_H 1
| #define HAVE_STDINT_H 1
| #define HAVE_STRINGS_H 1
| #define HAVE_SYS_STAT_H 1
| #define HAVE_SYS_TYPES_H 1
| #define HAVE_UNISTD_H 1
| #define STDC_HEADERS 1
| /* end confdefs.h.  */
| #include <new>
| int
| main (void)
| {
| int* a=new int; delete a;
|   ;
|   return 0;
| }
configure:6263: g++ -c   -fcoroutines-ts -Werror   conftest.cpp >&5
g++: error: unrecognized command-line option '-fcoroutines-ts'; did you mean '-fcoroutines'?
configure:6263: $? = 1
configure: failed program was:
| /* confdefs.h */
| #define PACKAGE_NAME "Verilator"
| #define PACKAGE_TARNAME "verilator"
| #define PACKAGE_VERSION "5.008 2023-03-04"
| #define PACKAGE_STRING "Verilator 5.008 2023-03-04"
| #define PACKAGE_BUGREPORT "https://verilator.org"
| #define PACKAGE_URL "https://verilator.org"
| #define PACKAGE_VERSION_NUMBER_STRING "5.008"
| #define HAVE_STDIO_H 1
| #define HAVE_STDLIB_H 1
| #define HAVE_STRING_H 1
| #define HAVE_INTTYPES_H 1
| #define HAVE_STDINT_H 1
| #define HAVE_STRINGS_H 1
| #define HAVE_SYS_STAT_H 1
| #define HAVE_SYS_TYPES_H 1
| #define HAVE_UNISTD_H 1
| #define STDC_HEADERS 1
| /* end confdefs.h.  */
| an_error "intentional-error-for-test.h"
| 
| int
| main (void)
| {
| 
|   ;
|   return 0;
| }
configure:6275: result: no
configure:6291: checking whether coroutines are supported by g++
configure:6311: g++ -o conftest   -fcoroutines     conftest.cpp  >&5
configure:6311: $? = 0
configure:6343: result: yes
configure:6361: checking whether g++ accepts -Qunused-arguments
configure:6374: g++ -o conftest   -Qunused-arguments -Werror     conftest.cpp  >&5
g++: error: unrecognized command-line option '-Qunused-arguments'
configure:6374: $? = 1
configure: failed program was:
| /* confdefs.h */
| #define PACKAGE_NAME "Verilator"
| #define PACKAGE_TARNAME "verilator"
| #define PACKAGE_VERSION "5.008 2023-03-04"
| #define PACKAGE_STRING "Verilator 5.008 2023-03-04"
| #define PACKAGE_BUGREPORT "https://verilator.org"
| #define PACKAGE_URL "https://verilator.org"
| #define PACKAGE_VERSION_NUMBER_STRING "5.008"
| #define HAVE_STDIO_H 1
| #define HAVE_STDLIB_H 1
| #define HAVE_STRING_H 1
| #define HAVE_INTTYPES_H 1
| #define HAVE_STDINT_H 1
| #define HAVE_STRINGS_H 1
| #define HAVE_SYS_STAT_H 1
| #define HAVE_SYS_TYPES_H 1
| #define HAVE_UNISTD_H 1
| #define STDC_HEADERS 1
| #define HAVE_COROUTINES 1
| /* end confdefs.h.  */
| #include <new>
| int
| main (void)
| {
| int* a=new int; delete a;
|   ;
|   return 0;
| }
configure:6402: g++ -c   -Qunused-arguments -Werror   conftest.cpp >&5
g++: error: unrecognized command-line option '-Qunused-arguments'
configure:6402: $? = 1
configure: failed program was:
| /* confdefs.h */
| #define PACKAGE_NAME "Verilator"
| #define PACKAGE_TARNAME "verilator"
| #define PACKAGE_VERSION "5.008 2023-03-04"
| #define PACKAGE_STRING "Verilator 5.008 2023-03-04"
| #define PACKAGE_BUGREPORT "https://verilator.org"
| #define PACKAGE_URL "https://verilator.org"
| #define PACKAGE_VERSION_NUMBER_STRING "5.008"
| #define HAVE_STDIO_H 1
| #define HAVE_STDLIB_H 1
| #define HAVE_STRING_H 1
| #define HAVE_INTTYPES_H 1
| #define HAVE_STDINT_H 1
| #define HAVE_STRINGS_H 1
| #define HAVE_SYS_STAT_H 1
| #define HAVE_SYS_TYPES_H 1
| #define HAVE_UNISTD_H 1
| #define STDC_HEADERS 1
| #define HAVE_COROUTINES 1
| /* end confdefs.h.  */
| an_error "intentional-error-for-test.h"
| 
| int
| main (void)
| {
| 
|   ;
|   return 0;
| }
configure:6414: result: no
configure:6439: checking whether g++ accepts -faligned-new
configure:6452: g++ -o conftest   -faligned-new -Werror     conftest.cpp  >&5
configure:6452: $? = 0
configure:6480: g++ -c   -faligned-new -Werror   conftest.cpp >&5
conftest.cpp:21:1: error: 'an_error' does not name a type
   21 | an_error "intentional-error-for-test.h"
      | ^~~~~~~~
configure:6480: $? = 1
configure: failed program was:
| /* confdefs.h */
| #define PACKAGE_NAME "Verilator"
| #define PACKAGE_TARNAME "verilator"
| #define PACKAGE_VERSION "5.008 2023-03-04"
| #define PACKAGE_STRING "Verilator 5.008 2023-03-04"
| #define PACKAGE_BUGREPORT "https://verilator.org"
| #define PACKAGE_URL "https://verilator.org"
| #define PACKAGE_VERSION_NUMBER_STRING "5.008"
| #define HAVE_STDIO_H 1
| #define HAVE_STDLIB_H 1
| #define HAVE_STRING_H 1
| #define HAVE_INTTYPES_H 1
| #define HAVE_STDINT_H 1
| #define HAVE_STRINGS_H 1
| #define HAVE_SYS_STAT_H 1
| #define HAVE_SYS_TYPES_H 1
| #define HAVE_UNISTD_H 1
| #define STDC_HEADERS 1
| #define HAVE_COROUTINES 1
| /* end confdefs.h.  */
| an_error "intentional-error-for-test.h"
| 
| int
| main (void)
| {
| 
|   ;
|   return 0;
| }
configure:6492: result: yes
configure:6517: checking whether g++ accepts -Wno-unused-parameter
configure:6530: g++ -o conftest   -Wno-unused-parameter -Werror     conftest.cpp  >&5
configure:6530: $? = 0
configure:6558: g++ -c   -Wno-unused-parameter -Werror   conftest.cpp >&5
conftest.cpp:21:1: error: 'an_error' does not name a type
   21 | an_error "intentional-error-for-test.h"
      | ^~~~~~~~
configure:6558: $? = 1
configure: failed program was:
| /* confdefs.h */
| #define PACKAGE_NAME "Verilator"
| #define PACKAGE_TARNAME "verilator"
| #define PACKAGE_VERSION "5.008 2023-03-04"
| #define PACKAGE_STRING "Verilator 5.008 2023-03-04"
| #define PACKAGE_BUGREPORT "https://verilator.org"
| #define PACKAGE_URL "https://verilator.org"
| #define PACKAGE_VERSION_NUMBER_STRING "5.008"
| #define HAVE_STDIO_H 1
| #define HAVE_STDLIB_H 1
| #define HAVE_STRING_H 1
| #define HAVE_INTTYPES_H 1
| #define HAVE_STDINT_H 1
| #define HAVE_STRINGS_H 1
| #define HAVE_SYS_STAT_H 1
| #define HAVE_SYS_TYPES_H 1
| #define HAVE_UNISTD_H 1
| #define STDC_HEADERS 1
| #define HAVE_COROUTINES 1
| /* end confdefs.h.  */
| an_error "intentional-error-for-test.h"
| 
| int
| main (void)
| {
| 
|   ;
|   return 0;
| }
configure:6570: result: yes
configure:6595: checking whether g++ accepts -Wno-shadow
configure:6608: g++ -o conftest   -Wno-shadow -Werror     conftest.cpp  >&5
configure:6608: $? = 0
configure:6636: g++ -c   -Wno-shadow -Werror   conftest.cpp >&5
conftest.cpp:21:1: error: 'an_error' does not name a type
   21 | an_error "intentional-error-for-test.h"
      | ^~~~~~~~
configure:6636: $? = 1
configure: failed program was:
| /* confdefs.h */
| #define PACKAGE_NAME "Verilator"
| #define PACKAGE_TARNAME "verilator"
| #define PACKAGE_VERSION "5.008 2023-03-04"
| #define PACKAGE_STRING "Verilator 5.008 2023-03-04"
| #define PACKAGE_BUGREPORT "https://verilator.org"
| #define PACKAGE_URL "https://verilator.org"
| #define PACKAGE_VERSION_NUMBER_STRING "5.008"
| #define HAVE_STDIO_H 1
| #define HAVE_STDLIB_H 1
| #define HAVE_STRING_H 1
| #define HAVE_INTTYPES_H 1
| #define HAVE_STDINT_H 1
| #define HAVE_STRINGS_H 1
| #define HAVE_SYS_STAT_H 1
| #define HAVE_SYS_TYPES_H 1
| #define HAVE_UNISTD_H 1
| #define STDC_HEADERS 1
| #define HAVE_COROUTINES 1
| /* end confdefs.h.  */
| an_error "intentional-error-for-test.h"
| 
| int
| main (void)
| {
| 
|   ;
|   return 0;
| }
configure:6648: result: yes
configure:6676: checking whether g++ accepts -Wno-char-subscripts
configure:6689: g++ -o conftest   -Wno-char-subscripts -Werror     conftest.cpp  >&5
configure:6689: $? = 0
configure:6717: g++ -c   -Wno-char-subscripts -Werror   conftest.cpp >&5
conftest.cpp:21:1: error: 'an_error' does not name a type
   21 | an_error "intentional-error-for-test.h"
      | ^~~~~~~~
configure:6717: $? = 1
configure: failed program was:
| /* confdefs.h */
| #define PACKAGE_NAME "Verilator"
| #define PACKAGE_TARNAME "verilator"
| #define PACKAGE_VERSION "5.008 2023-03-04"
| #define PACKAGE_STRING "Verilator 5.008 2023-03-04"
| #define PACKAGE_BUGREPORT "https://verilator.org"
| #define PACKAGE_URL "https://verilator.org"
| #define PACKAGE_VERSION_NUMBER_STRING "5.008"
| #define HAVE_STDIO_H 1
| #define HAVE_STDLIB_H 1
| #define HAVE_STRING_H 1
| #define HAVE_INTTYPES_H 1
| #define HAVE_STDINT_H 1
| #define HAVE_STRINGS_H 1
| #define HAVE_SYS_STAT_H 1
| #define HAVE_SYS_TYPES_H 1
| #define HAVE_UNISTD_H 1
| #define STDC_HEADERS 1
| #define HAVE_COROUTINES 1
| /* end confdefs.h.  */
| an_error "intentional-error-for-test.h"
| 
| int
| main (void)
| {
| 
|   ;
|   return 0;
| }
configure:6729: result: yes
configure:6754: checking whether g++ accepts -Wno-null-conversion
configure:6767: g++ -o conftest   -Wno-null-conversion -Werror     conftest.cpp  >&5
configure:6767: $? = 0
configure:6795: g++ -c   -Wno-null-conversion -Werror   conftest.cpp >&5
conftest.cpp:21:1: error: 'an_error' does not name a type
   21 | an_error "intentional-error-for-test.h"
      | ^~~~~~~~
cc1plus: note: unrecognized command-line option '-Wno-null-conversion' may have been intended to silence earlier diagnostics
configure:6795: $? = 1
configure: failed program was:
| /* confdefs.h */
| #define PACKAGE_NAME "Verilator"
| #define PACKAGE_TARNAME "verilator"
| #define PACKAGE_VERSION "5.008 2023-03-04"
| #define PACKAGE_STRING "Verilator 5.008 2023-03-04"
| #define PACKAGE_BUGREPORT "https://verilator.org"
| #define PACKAGE_URL "https://verilator.org"
| #define PACKAGE_VERSION_NUMBER_STRING "5.008"
| #define HAVE_STDIO_H 1
| #define HAVE_STDLIB_H 1
| #define HAVE_STRING_H 1
| #define HAVE_INTTYPES_H 1
| #define HAVE_STDINT_H 1
| #define HAVE_STRINGS_H 1
| #define HAVE_SYS_STAT_H 1
| #define HAVE_SYS_TYPES_H 1
| #define HAVE_UNISTD_H 1
| #define STDC_HEADERS 1
| #define HAVE_COROUTINES 1
| /* end confdefs.h.  */
| an_error "intentional-error-for-test.h"
| 
| int
| main (void)
| {
| 
|   ;
|   return 0;
| }
configure:6807: result: no
configure:6832: checking whether g++ accepts -Wno-parentheses-equality
configure:6845: g++ -o conftest   -Wno-parentheses-equality -Werror     conftest.cpp  >&5
configure:6845: $? = 0
configure:6873: g++ -c   -Wno-parentheses-equality -Werror   conftest.cpp >&5
conftest.cpp:21:1: error: 'an_error' does not name a type
   21 | an_error "intentional-error-for-test.h"
      | ^~~~~~~~
cc1plus: note: unrecognized command-line option '-Wno-parentheses-equality' may have been intended to silence earlier diagnostics
configure:6873: $? = 1
configure: failed program was:
| /* confdefs.h */
| #define PACKAGE_NAME "Verilator"
| #define PACKAGE_TARNAME "verilator"
| #define PACKAGE_VERSION "5.008 2023-03-04"
| #define PACKAGE_STRING "Verilator 5.008 2023-03-04"
| #define PACKAGE_BUGREPORT "https://verilator.org"
| #define PACKAGE_URL "https://verilator.org"
| #define PACKAGE_VERSION_NUMBER_STRING "5.008"
| #define HAVE_STDIO_H 1
| #define HAVE_STDLIB_H 1
| #define HAVE_STRING_H 1
| #define HAVE_INTTYPES_H 1
| #define HAVE_STDINT_H 1
| #define HAVE_STRINGS_H 1
| #define HAVE_SYS_STAT_H 1
| #define HAVE_SYS_TYPES_H 1
| #define HAVE_UNISTD_H 1
| #define STDC_HEADERS 1
| #define HAVE_COROUTINES 1
| /* end confdefs.h.  */
| an_error "intentional-error-for-test.h"
| 
| int
| main (void)
| {
| 
|   ;
|   return 0;
| }
configure:6885: result: no
configure:6910: checking whether g++ accepts -Wno-unused
configure:6923: g++ -o conftest   -Wno-unused -Werror     conftest.cpp  >&5
configure:6923: $? = 0
configure:6951: g++ -c   -Wno-unused -Werror   conftest.cpp >&5
conftest.cpp:21:1: error: 'an_error' does not name a type
   21 | an_error "intentional-error-for-test.h"
      | ^~~~~~~~
configure:6951: $? = 1
configure: failed program was:
| /* confdefs.h */
| #define PACKAGE_NAME "Verilator"
| #define PACKAGE_TARNAME "verilator"
| #define PACKAGE_VERSION "5.008 2023-03-04"
| #define PACKAGE_STRING "Verilator 5.008 2023-03-04"
| #define PACKAGE_BUGREPORT "https://verilator.org"
| #define PACKAGE_URL "https://verilator.org"
| #define PACKAGE_VERSION_NUMBER_STRING "5.008"
| #define HAVE_STDIO_H 1
| #define HAVE_STDLIB_H 1
| #define HAVE_STRING_H 1
| #define HAVE_INTTYPES_H 1
| #define HAVE_STDINT_H 1
| #define HAVE_STRINGS_H 1
| #define HAVE_SYS_STAT_H 1
| #define HAVE_SYS_TYPES_H 1
| #define HAVE_UNISTD_H 1
| #define STDC_HEADERS 1
| #define HAVE_COROUTINES 1
| /* end confdefs.h.  */
| an_error "intentional-error-for-test.h"
| 
| int
| main (void)
| {
| 
|   ;
|   return 0;
| }
configure:6963: result: yes
configure:6992: checking whether g++ accepts -Og
configure:7005: g++ -o conftest   -Og -Werror     conftest.cpp  >&5
configure:7005: $? = 0
configure:7033: g++ -c   -Og -Werror   conftest.cpp >&5
conftest.cpp:21:1: error: 'an_error' does not name a type
   21 | an_error "intentional-error-for-test.h"
      | ^~~~~~~~
configure:7033: $? = 1
configure: failed program was:
| /* confdefs.h */
| #define PACKAGE_NAME "Verilator"
| #define PACKAGE_TARNAME "verilator"
| #define PACKAGE_VERSION "5.008 2023-03-04"
| #define PACKAGE_STRING "Verilator 5.008 2023-03-04"
| #define PACKAGE_BUGREPORT "https://verilator.org"
| #define PACKAGE_URL "https://verilator.org"
| #define PACKAGE_VERSION_NUMBER_STRING "5.008"
| #define HAVE_STDIO_H 1
| #define HAVE_STDLIB_H 1
| #define HAVE_STRING_H 1
| #define HAVE_INTTYPES_H 1
| #define HAVE_STDINT_H 1
| #define HAVE_STRINGS_H 1
| #define HAVE_SYS_STAT_H 1
| #define HAVE_SYS_TYPES_H 1
| #define HAVE_UNISTD_H 1
| #define STDC_HEADERS 1
| #define HAVE_COROUTINES 1
| /* end confdefs.h.  */
| an_error "intentional-error-for-test.h"
| 
| int
| main (void)
| {
| 
|   ;
|   return 0;
| }
configure:7045: result: yes
configure:7071: checking whether g++ accepts -ggdb
configure:7084: g++ -o conftest   -ggdb -Werror     conftest.cpp  >&5
configure:7084: $? = 0
configure:7112: g++ -c   -ggdb -Werror   conftest.cpp >&5
conftest.cpp:21:1: error: 'an_error' does not name a type
   21 | an_error "intentional-error-for-test.h"
      | ^~~~~~~~
configure:7112: $? = 1
configure: failed program was:
| /* confdefs.h */
| #define PACKAGE_NAME "Verilator"
| #define PACKAGE_TARNAME "verilator"
| #define PACKAGE_VERSION "5.008 2023-03-04"
| #define PACKAGE_STRING "Verilator 5.008 2023-03-04"
| #define PACKAGE_BUGREPORT "https://verilator.org"
| #define PACKAGE_URL "https://verilator.org"
| #define PACKAGE_VERSION_NUMBER_STRING "5.008"
| #define HAVE_STDIO_H 1
| #define HAVE_STDLIB_H 1
| #define HAVE_STRING_H 1
| #define HAVE_INTTYPES_H 1
| #define HAVE_STDINT_H 1
| #define HAVE_STRINGS_H 1
| #define HAVE_SYS_STAT_H 1
| #define HAVE_SYS_TYPES_H 1
| #define HAVE_UNISTD_H 1
| #define STDC_HEADERS 1
| #define HAVE_COROUTINES 1
| /* end confdefs.h.  */
| an_error "intentional-error-for-test.h"
| 
| int
| main (void)
| {
| 
|   ;
|   return 0;
| }
configure:7124: result: yes
configure:7149: checking whether g++ accepts -gz
configure:7162: g++ -o conftest   -gz -Werror     conftest.cpp  >&5
configure:7162: $? = 0
configure:7190: g++ -c   -gz -Werror   conftest.cpp >&5
conftest.cpp:21:1: error: 'an_error' does not name a type
   21 | an_error "intentional-error-for-test.h"
      | ^~~~~~~~
configure:7190: $? = 1
configure: failed program was:
| /* confdefs.h */
| #define PACKAGE_NAME "Verilator"
| #define PACKAGE_TARNAME "verilator"
| #define PACKAGE_VERSION "5.008 2023-03-04"
| #define PACKAGE_STRING "Verilator 5.008 2023-03-04"
| #define PACKAGE_BUGREPORT "https://verilator.org"
| #define PACKAGE_URL "https://verilator.org"
| #define PACKAGE_VERSION_NUMBER_STRING "5.008"
| #define HAVE_STDIO_H 1
| #define HAVE_STDLIB_H 1
| #define HAVE_STRING_H 1
| #define HAVE_INTTYPES_H 1
| #define HAVE_STDINT_H 1
| #define HAVE_STRINGS_H 1
| #define HAVE_SYS_STAT_H 1
| #define HAVE_SYS_TYPES_H 1
| #define HAVE_UNISTD_H 1
| #define STDC_HEADERS 1
| #define HAVE_COROUTINES 1
| /* end confdefs.h.  */
| an_error "intentional-error-for-test.h"
| 
| int
| main (void)
| {
| 
|   ;
|   return 0;
| }
configure:7202: result: yes
configure:7227: checking whether g++ linker accepts -gz
configure:7240: g++ -o conftest       conftest.cpp  -gz >&5
configure:7240: $? = 0
configure:7253: result: yes
configure:7290: checking whether g++ accepts -faligned-new
configure:7303: g++ -o conftest   -faligned-new -Werror     conftest.cpp  >&5
configure:7303: $? = 0
configure:7331: g++ -c   -faligned-new -Werror   conftest.cpp >&5
conftest.cpp:21:1: error: 'an_error' does not name a type
   21 | an_error "intentional-error-for-test.h"
      | ^~~~~~~~
configure:7331: $? = 1
configure: failed program was:
| /* confdefs.h */
| #define PACKAGE_NAME "Verilator"
| #define PACKAGE_TARNAME "verilator"
| #define PACKAGE_VERSION "5.008 2023-03-04"
| #define PACKAGE_STRING "Verilator 5.008 2023-03-04"
| #define PACKAGE_BUGREPORT "https://verilator.org"
| #define PACKAGE_URL "https://verilator.org"
| #define PACKAGE_VERSION_NUMBER_STRING "5.008"
| #define HAVE_STDIO_H 1
| #define HAVE_STDLIB_H 1
| #define HAVE_STRING_H 1
| #define HAVE_INTTYPES_H 1
| #define HAVE_STDINT_H 1
| #define HAVE_STRINGS_H 1
| #define HAVE_SYS_STAT_H 1
| #define HAVE_SYS_TYPES_H 1
| #define HAVE_UNISTD_H 1
| #define STDC_HEADERS 1
| #define HAVE_COROUTINES 1
| /* end confdefs.h.  */
| an_error "intentional-error-for-test.h"
| 
| int
| main (void)
| {
| 
|   ;
|   return 0;
| }
configure:7343: result: yes
configure:7371: checking whether g++ accepts -fbracket-depth=4096
configure:7384: g++ -o conftest   -fbracket-depth=4096 -Werror     conftest.cpp  >&5
g++: error: unrecognized command-line option '-fbracket-depth=4096'
configure:7384: $? = 1
configure: failed program was:
| /* confdefs.h */
| #define PACKAGE_NAME "Verilator"
| #define PACKAGE_TARNAME "verilator"
| #define PACKAGE_VERSION "5.008 2023-03-04"
| #define PACKAGE_STRING "Verilator 5.008 2023-03-04"
| #define PACKAGE_BUGREPORT "https://verilator.org"
| #define PACKAGE_URL "https://verilator.org"
| #define PACKAGE_VERSION_NUMBER_STRING "5.008"
| #define HAVE_STDIO_H 1
| #define HAVE_STDLIB_H 1
| #define HAVE_STRING_H 1
| #define HAVE_INTTYPES_H 1
| #define HAVE_STDINT_H 1
| #define HAVE_STRINGS_H 1
| #define HAVE_SYS_STAT_H 1
| #define HAVE_SYS_TYPES_H 1
| #define HAVE_UNISTD_H 1
| #define STDC_HEADERS 1
| #define HAVE_COROUTINES 1
| /* end confdefs.h.  */
| #include <new>
| int
| main (void)
| {
| int* a=new int; delete a;
|   ;
|   return 0;
| }
configure:7412: g++ -c   -fbracket-depth=4096 -Werror   conftest.cpp >&5
g++: error: unrecognized command-line option '-fbracket-depth=4096'
configure:7412: $? = 1
configure: failed program was:
| /* confdefs.h */
| #define PACKAGE_NAME "Verilator"
| #define PACKAGE_TARNAME "verilator"
| #define PACKAGE_VERSION "5.008 2023-03-04"
| #define PACKAGE_STRING "Verilator 5.008 2023-03-04"
| #define PACKAGE_BUGREPORT "https://verilator.org"
| #define PACKAGE_URL "https://verilator.org"
| #define PACKAGE_VERSION_NUMBER_STRING "5.008"
| #define HAVE_STDIO_H 1
| #define HAVE_STDLIB_H 1
| #define HAVE_STRING_H 1
| #define HAVE_INTTYPES_H 1
| #define HAVE_STDINT_H 1
| #define HAVE_STRINGS_H 1
| #define HAVE_SYS_STAT_H 1
| #define HAVE_SYS_TYPES_H 1
| #define HAVE_UNISTD_H 1
| #define STDC_HEADERS 1
| #define HAVE_COROUTINES 1
| /* end confdefs.h.  */
| an_error "intentional-error-for-test.h"
| 
| int
| main (void)
| {
| 
|   ;
|   return 0;
| }
configure:7424: result: no
configure:7452: checking whether g++ accepts -fcf-protection=none
configure:7465: g++ -o conftest   -fcf-protection=none -Werror     conftest.cpp  >&5
configure:7465: $? = 0
configure:7493: g++ -c   -fcf-protection=none -Werror   conftest.cpp >&5
conftest.cpp:21:1: error: 'an_error' does not name a type
   21 | an_error "intentional-error-for-test.h"
      | ^~~~~~~~
configure:7493: $? = 1
configure: failed program was:
| /* confdefs.h */
| #define PACKAGE_NAME "Verilator"
| #define PACKAGE_TARNAME "verilator"
| #define PACKAGE_VERSION "5.008 2023-03-04"
| #define PACKAGE_STRING "Verilator 5.008 2023-03-04"
| #define PACKAGE_BUGREPORT "https://verilator.org"
| #define PACKAGE_URL "https://verilator.org"
| #define PACKAGE_VERSION_NUMBER_STRING "5.008"
| #define HAVE_STDIO_H 1
| #define HAVE_STDLIB_H 1
| #define HAVE_STRING_H 1
| #define HAVE_INTTYPES_H 1
| #define HAVE_STDINT_H 1
| #define HAVE_STRINGS_H 1
| #define HAVE_SYS_STAT_H 1
| #define HAVE_SYS_TYPES_H 1
| #define HAVE_UNISTD_H 1
| #define STDC_HEADERS 1
| #define HAVE_COROUTINES 1
| /* end confdefs.h.  */
| an_error "intentional-error-for-test.h"
| 
| int
| main (void)
| {
| 
|   ;
|   return 0;
| }
configure:7505: result: yes
configure:7533: checking whether g++ accepts -mno-cet
configure:7546: g++ -o conftest   -mno-cet -Werror     conftest.cpp  >&5
g++: error: unrecognized command-line option '-mno-cet'; did you mean '-mno-aes'?
configure:7546: $? = 1
configure: failed program was:
| /* confdefs.h */
| #define PACKAGE_NAME "Verilator"
| #define PACKAGE_TARNAME "verilator"
| #define PACKAGE_VERSION "5.008 2023-03-04"
| #define PACKAGE_STRING "Verilator 5.008 2023-03-04"
| #define PACKAGE_BUGREPORT "https://verilator.org"
| #define PACKAGE_URL "https://verilator.org"
| #define PACKAGE_VERSION_NUMBER_STRING "5.008"
| #define HAVE_STDIO_H 1
| #define HAVE_STDLIB_H 1
| #define HAVE_STRING_H 1
| #define HAVE_INTTYPES_H 1
| #define HAVE_STDINT_H 1
| #define HAVE_STRINGS_H 1
| #define HAVE_SYS_STAT_H 1
| #define HAVE_SYS_TYPES_H 1
| #define HAVE_UNISTD_H 1
| #define STDC_HEADERS 1
| #define HAVE_COROUTINES 1
| /* end confdefs.h.  */
| #include <new>
| int
| main (void)
| {
| int* a=new int; delete a;
|   ;
|   return 0;
| }
configure:7574: g++ -c   -mno-cet -Werror   conftest.cpp >&5
g++: error: unrecognized command-line option '-mno-cet'; did you mean '-mno-aes'?
configure:7574: $? = 1
configure: failed program was:
| /* confdefs.h */
| #define PACKAGE_NAME "Verilator"
| #define PACKAGE_TARNAME "verilator"
| #define PACKAGE_VERSION "5.008 2023-03-04"
| #define PACKAGE_STRING "Verilator 5.008 2023-03-04"
| #define PACKAGE_BUGREPORT "https://verilator.org"
| #define PACKAGE_URL "https://verilator.org"
| #define PACKAGE_VERSION_NUMBER_STRING "5.008"
| #define HAVE_STDIO_H 1
| #define HAVE_STDLIB_H 1
| #define HAVE_STRING_H 1
| #define HAVE_INTTYPES_H 1
| #define HAVE_STDINT_H 1
| #define HAVE_STRINGS_H 1
| #define HAVE_SYS_STAT_H 1
| #define HAVE_SYS_TYPES_H 1
| #define HAVE_UNISTD_H 1
| #define STDC_HEADERS 1
| #define HAVE_COROUTINES 1
| /* end confdefs.h.  */
| an_error "intentional-error-for-test.h"
| 
| int
| main (void)
| {
| 
|   ;
|   return 0;
| }
configure:7586: result: no
configure:7614: checking whether g++ accepts -Qunused-arguments
configure:7627: g++ -o conftest   -Qunused-arguments -Werror     conftest.cpp  >&5
g++: error: unrecognized command-line option '-Qunused-arguments'
configure:7627: $? = 1
configure: failed program was:
| /* confdefs.h */
| #define PACKAGE_NAME "Verilator"
| #define PACKAGE_TARNAME "verilator"
| #define PACKAGE_VERSION "5.008 2023-03-04"
| #define PACKAGE_STRING "Verilator 5.008 2023-03-04"
| #define PACKAGE_BUGREPORT "https://verilator.org"
| #define PACKAGE_URL "https://verilator.org"
| #define PACKAGE_VERSION_NUMBER_STRING "5.008"
| #define HAVE_STDIO_H 1
| #define HAVE_STDLIB_H 1
| #define HAVE_STRING_H 1
| #define HAVE_INTTYPES_H 1
| #define HAVE_STDINT_H 1
| #define HAVE_STRINGS_H 1
| #define HAVE_SYS_STAT_H 1
| #define HAVE_SYS_TYPES_H 1
| #define HAVE_UNISTD_H 1
| #define STDC_HEADERS 1
| #define HAVE_COROUTINES 1
| /* end confdefs.h.  */
| #include <new>
| int
| main (void)
| {
| int* a=new int; delete a;
|   ;
|   return 0;
| }
configure:7655: g++ -c   -Qunused-arguments -Werror   conftest.cpp >&5
g++: error: unrecognized command-line option '-Qunused-arguments'
configure:7655: $? = 1
configure: failed program was:
| /* confdefs.h */
| #define PACKAGE_NAME "Verilator"
| #define PACKAGE_TARNAME "verilator"
| #define PACKAGE_VERSION "5.008 2023-03-04"
| #define PACKAGE_STRING "Verilator 5.008 2023-03-04"
| #define PACKAGE_BUGREPORT "https://verilator.org"
| #define PACKAGE_URL "https://verilator.org"
| #define PACKAGE_VERSION_NUMBER_STRING "5.008"
| #define HAVE_STDIO_H 1
| #define HAVE_STDLIB_H 1
| #define HAVE_STRING_H 1
| #define HAVE_INTTYPES_H 1
| #define HAVE_STDINT_H 1
| #define HAVE_STRINGS_H 1
| #define HAVE_SYS_STAT_H 1
| #define HAVE_SYS_TYPES_H 1
| #define HAVE_UNISTD_H 1
| #define STDC_HEADERS 1
| #define HAVE_COROUTINES 1
| /* end confdefs.h.  */
| an_error "intentional-error-for-test.h"
| 
| int
| main (void)
| {
| 
|   ;
|   return 0;
| }
configure:7667: result: no
configure:7695: checking whether g++ accepts -Wno-bool-operation
configure:7708: g++ -o conftest   -Wno-bool-operation -Werror     conftest.cpp  >&5
configure:7708: $? = 0
configure:7736: g++ -c   -Wno-bool-operation -Werror   conftest.cpp >&5
conftest.cpp:21:1: error: 'an_error' does not name a type
   21 | an_error "intentional-error-for-test.h"
      | ^~~~~~~~
configure:7736: $? = 1
configure: failed program was:
| /* confdefs.h */
| #define PACKAGE_NAME "Verilator"
| #define PACKAGE_TARNAME "verilator"
| #define PACKAGE_VERSION "5.008 2023-03-04"
| #define PACKAGE_STRING "Verilator 5.008 2023-03-04"
| #define PACKAGE_BUGREPORT "https://verilator.org"
| #define PACKAGE_URL "https://verilator.org"
| #define PACKAGE_VERSION_NUMBER_STRING "5.008"
| #define HAVE_STDIO_H 1
| #define HAVE_STDLIB_H 1
| #define HAVE_STRING_H 1
| #define HAVE_INTTYPES_H 1
| #define HAVE_STDINT_H 1
| #define HAVE_STRINGS_H 1
| #define HAVE_SYS_STAT_H 1
| #define HAVE_SYS_TYPES_H 1
| #define HAVE_UNISTD_H 1
| #define STDC_HEADERS 1
| #define HAVE_COROUTINES 1
| /* end confdefs.h.  */
| an_error "intentional-error-for-test.h"
| 
| int
| main (void)
| {
| 
|   ;
|   return 0;
| }
configure:7748: result: yes
configure:7776: checking whether g++ accepts -Wno-tautological-bitwise-compare
configure:7789: g++ -o conftest   -Wno-tautological-bitwise-compare -Werror     conftest.cpp  >&5
configure:7789: $? = 0
configure:7817: g++ -c   -Wno-tautological-bitwise-compare -Werror   conftest.cpp >&5
conftest.cpp:21:1: error: 'an_error' does not name a type
   21 | an_error "intentional-error-for-test.h"
      | ^~~~~~~~
cc1plus: note: unrecognized command-line option '-Wno-tautological-bitwise-compare' may have been intended to silence earlier diagnostics
configure:7817: $? = 1
configure: failed program was:
| /* confdefs.h */
| #define PACKAGE_NAME "Verilator"
| #define PACKAGE_TARNAME "verilator"
| #define PACKAGE_VERSION "5.008 2023-03-04"
| #define PACKAGE_STRING "Verilator 5.008 2023-03-04"
| #define PACKAGE_BUGREPORT "https://verilator.org"
| #define PACKAGE_URL "https://verilator.org"
| #define PACKAGE_VERSION_NUMBER_STRING "5.008"
| #define HAVE_STDIO_H 1
| #define HAVE_STDLIB_H 1
| #define HAVE_STRING_H 1
| #define HAVE_INTTYPES_H 1
| #define HAVE_STDINT_H 1
| #define HAVE_STRINGS_H 1
| #define HAVE_SYS_STAT_H 1
| #define HAVE_SYS_TYPES_H 1
| #define HAVE_UNISTD_H 1
| #define STDC_HEADERS 1
| #define HAVE_COROUTINES 1
| /* end confdefs.h.  */
| an_error "intentional-error-for-test.h"
| 
| int
| main (void)
| {
| 
|   ;
|   return 0;
| }
configure:7829: result: no
configure:7857: checking whether g++ accepts -Wno-parentheses-equality
configure:7870: g++ -o conftest   -Wno-parentheses-equality -Werror     conftest.cpp  >&5
configure:7870: $? = 0
configure:7898: g++ -c   -Wno-parentheses-equality -Werror   conftest.cpp >&5
conftest.cpp:21:1: error: 'an_error' does not name a type
   21 | an_error "intentional-error-for-test.h"
      | ^~~~~~~~
cc1plus: note: unrecognized command-line option '-Wno-parentheses-equality' may have been intended to silence earlier diagnostics
configure:7898: $? = 1
configure: failed program was:
| /* confdefs.h */
| #define PACKAGE_NAME "Verilator"
| #define PACKAGE_TARNAME "verilator"
| #define PACKAGE_VERSION "5.008 2023-03-04"
| #define PACKAGE_STRING "Verilator 5.008 2023-03-04"
| #define PACKAGE_BUGREPORT "https://verilator.org"
| #define PACKAGE_URL "https://verilator.org"
| #define PACKAGE_VERSION_NUMBER_STRING "5.008"
| #define HAVE_STDIO_H 1
| #define HAVE_STDLIB_H 1
| #define HAVE_STRING_H 1
| #define HAVE_INTTYPES_H 1
| #define HAVE_STDINT_H 1
| #define HAVE_STRINGS_H 1
| #define HAVE_SYS_STAT_H 1
| #define HAVE_SYS_TYPES_H 1
| #define HAVE_UNISTD_H 1
| #define STDC_HEADERS 1
| #define HAVE_COROUTINES 1
| /* end confdefs.h.  */
| an_error "intentional-error-for-test.h"
| 
| int
| main (void)
| {
| 
|   ;
|   return 0;
| }
configure:7910: result: no
configure:7938: checking whether g++ accepts -Wno-sign-compare
configure:7951: g++ -o conftest   -Wno-sign-compare -Werror     conftest.cpp  >&5
configure:7951: $? = 0
configure:7979: g++ -c   -Wno-sign-compare -Werror   conftest.cpp >&5
conftest.cpp:21:1: error: 'an_error' does not name a type
   21 | an_error "intentional-error-for-test.h"
      | ^~~~~~~~
configure:7979: $? = 1
configure: failed program was:
| /* confdefs.h */
| #define PACKAGE_NAME "Verilator"
| #define PACKAGE_TARNAME "verilator"
| #define PACKAGE_VERSION "5.008 2023-03-04"
| #define PACKAGE_STRING "Verilator 5.008 2023-03-04"
| #define PACKAGE_BUGREPORT "https://verilator.org"
| #define PACKAGE_URL "https://verilator.org"
| #define PACKAGE_VERSION_NUMBER_STRING "5.008"
| #define HAVE_STDIO_H 1
| #define HAVE_STDLIB_H 1
| #define HAVE_STRING_H 1
| #define HAVE_INTTYPES_H 1
| #define HAVE_STDINT_H 1
| #define HAVE_STRINGS_H 1
| #define HAVE_SYS_STAT_H 1
| #define HAVE_SYS_TYPES_H 1
| #define HAVE_UNISTD_H 1
| #define STDC_HEADERS 1
| #define HAVE_COROUTINES 1
| /* end confdefs.h.  */
| an_error "intentional-error-for-test.h"
| 
| int
| main (void)
| {
| 
|   ;
|   return 0;
| }
configure:7991: result: yes
configure:8019: checking whether g++ accepts -Wno-uninitialized
configure:8032: g++ -o conftest   -Wno-uninitialized -Werror     conftest.cpp  >&5
configure:8032: $? = 0
configure:8060: g++ -c   -Wno-uninitialized -Werror   conftest.cpp >&5
conftest.cpp:21:1: error: 'an_error' does not name a type
   21 | an_error "intentional-error-for-test.h"
      | ^~~~~~~~
configure:8060: $? = 1
configure: failed program was:
| /* confdefs.h */
| #define PACKAGE_NAME "Verilator"
| #define PACKAGE_TARNAME "verilator"
| #define PACKAGE_VERSION "5.008 2023-03-04"
| #define PACKAGE_STRING "Verilator 5.008 2023-03-04"
| #define PACKAGE_BUGREPORT "https://verilator.org"
| #define PACKAGE_URL "https://verilator.org"
| #define PACKAGE_VERSION_NUMBER_STRING "5.008"
| #define HAVE_STDIO_H 1
| #define HAVE_STDLIB_H 1
| #define HAVE_STRING_H 1
| #define HAVE_INTTYPES_H 1
| #define HAVE_STDINT_H 1
| #define HAVE_STRINGS_H 1
| #define HAVE_SYS_STAT_H 1
| #define HAVE_SYS_TYPES_H 1
| #define HAVE_UNISTD_H 1
| #define STDC_HEADERS 1
| #define HAVE_COROUTINES 1
| /* end confdefs.h.  */
| an_error "intentional-error-for-test.h"
| 
| int
| main (void)
| {
| 
|   ;
|   return 0;
| }
configure:8072: result: yes
configure:8100: checking whether g++ accepts -Wno-unused-but-set-variable
configure:8113: g++ -o conftest   -Wno-unused-but-set-variable -Werror     conftest.cpp  >&5
configure:8113: $? = 0
configure:8141: g++ -c   -Wno-unused-but-set-variable -Werror   conftest.cpp >&5
conftest.cpp:21:1: error: 'an_error' does not name a type
   21 | an_error "intentional-error-for-test.h"
      | ^~~~~~~~
configure:8141: $? = 1
configure: failed program was:
| /* confdefs.h */
| #define PACKAGE_NAME "Verilator"
| #define PACKAGE_TARNAME "verilator"
| #define PACKAGE_VERSION "5.008 2023-03-04"
| #define PACKAGE_STRING "Verilator 5.008 2023-03-04"
| #define PACKAGE_BUGREPORT "https://verilator.org"
| #define PACKAGE_URL "https://verilator.org"
| #define PACKAGE_VERSION_NUMBER_STRING "5.008"
| #define HAVE_STDIO_H 1
| #define HAVE_STDLIB_H 1
| #define HAVE_STRING_H 1
| #define HAVE_INTTYPES_H 1
| #define HAVE_STDINT_H 1
| #define HAVE_STRINGS_H 1
| #define HAVE_SYS_STAT_H 1
| #define HAVE_SYS_TYPES_H 1
| #define HAVE_UNISTD_H 1
| #define STDC_HEADERS 1
| #define HAVE_COROUTINES 1
| /* end confdefs.h.  */
| an_error "intentional-error-for-test.h"
| 
| int
| main (void)
| {
| 
|   ;
|   return 0;
| }
configure:8153: result: yes
configure:8181: checking whether g++ accepts -Wno-unused-parameter
configure:8194: g++ -o conftest   -Wno-unused-parameter -Werror     conftest.cpp  >&5
configure:8194: $? = 0
configure:8222: g++ -c   -Wno-unused-parameter -Werror   conftest.cpp >&5
conftest.cpp:21:1: error: 'an_error' does not name a type
   21 | an_error "intentional-error-for-test.h"
      | ^~~~~~~~
configure:8222: $? = 1
configure: failed program was:
| /* confdefs.h */
| #define PACKAGE_NAME "Verilator"
| #define PACKAGE_TARNAME "verilator"
| #define PACKAGE_VERSION "5.008 2023-03-04"
| #define PACKAGE_STRING "Verilator 5.008 2023-03-04"
| #define PACKAGE_BUGREPORT "https://verilator.org"
| #define PACKAGE_URL "https://verilator.org"
| #define PACKAGE_VERSION_NUMBER_STRING "5.008"
| #define HAVE_STDIO_H 1
| #define HAVE_STDLIB_H 1
| #define HAVE_STRING_H 1
| #define HAVE_INTTYPES_H 1
| #define HAVE_STDINT_H 1
| #define HAVE_STRINGS_H 1
| #define HAVE_SYS_STAT_H 1
| #define HAVE_SYS_TYPES_H 1
| #define HAVE_UNISTD_H 1
| #define STDC_HEADERS 1
| #define HAVE_COROUTINES 1
| /* end confdefs.h.  */
| an_error "intentional-error-for-test.h"
| 
| int
| main (void)
| {
| 
|   ;
|   return 0;
| }
configure:8234: result: yes
configure:8262: checking whether g++ accepts -Wno-unused-variable
configure:8275: g++ -o conftest   -Wno-unused-variable -Werror     conftest.cpp  >&5
configure:8275: $? = 0
configure:8303: g++ -c   -Wno-unused-variable -Werror   conftest.cpp >&5
conftest.cpp:21:1: error: 'an_error' does not name a type
   21 | an_error "intentional-error-for-test.h"
      | ^~~~~~~~
configure:8303: $? = 1
configure: failed program was:
| /* confdefs.h */
| #define PACKAGE_NAME "Verilator"
| #define PACKAGE_TARNAME "verilator"
| #define PACKAGE_VERSION "5.008 2023-03-04"
| #define PACKAGE_STRING "Verilator 5.008 2023-03-04"
| #define PACKAGE_BUGREPORT "https://verilator.org"
| #define PACKAGE_URL "https://verilator.org"
| #define PACKAGE_VERSION_NUMBER_STRING "5.008"
| #define HAVE_STDIO_H 1
| #define HAVE_STDLIB_H 1
| #define HAVE_STRING_H 1
| #define HAVE_INTTYPES_H 1
| #define HAVE_STDINT_H 1
| #define HAVE_STRINGS_H 1
| #define HAVE_SYS_STAT_H 1
| #define HAVE_SYS_TYPES_H 1
| #define HAVE_UNISTD_H 1
| #define STDC_HEADERS 1
| #define HAVE_COROUTINES 1
| /* end confdefs.h.  */
| an_error "intentional-error-for-test.h"
| 
| int
| main (void)
| {
| 
|   ;
|   return 0;
| }
configure:8315: result: yes
configure:8343: checking whether g++ accepts -Wno-shadow
configure:8356: g++ -o conftest   -Wno-shadow -Werror     conftest.cpp  >&5
configure:8356: $? = 0
configure:8384: g++ -c   -Wno-shadow -Werror   conftest.cpp >&5
conftest.cpp:21:1: error: 'an_error' does not name a type
   21 | an_error "intentional-error-for-test.h"
      | ^~~~~~~~
configure:8384: $? = 1
configure: failed program was:
| /* confdefs.h */
| #define PACKAGE_NAME "Verilator"
| #define PACKAGE_TARNAME "verilator"
| #define PACKAGE_VERSION "5.008 2023-03-04"
| #define PACKAGE_STRING "Verilator 5.008 2023-03-04"
| #define PACKAGE_BUGREPORT "https://verilator.org"
| #define PACKAGE_URL "https://verilator.org"
| #define PACKAGE_VERSION_NUMBER_STRING "5.008"
| #define HAVE_STDIO_H 1
| #define HAVE_STDLIB_H 1
| #define HAVE_STRING_H 1
| #define HAVE_INTTYPES_H 1
| #define HAVE_STDINT_H 1
| #define HAVE_STRINGS_H 1
| #define HAVE_SYS_STAT_H 1
| #define HAVE_SYS_TYPES_H 1
| #define HAVE_UNISTD_H 1
| #define STDC_HEADERS 1
| #define HAVE_COROUTINES 1
| /* end confdefs.h.  */
| an_error "intentional-error-for-test.h"
| 
| int
| main (void)
| {
| 
|   ;
|   return 0;
| }
configure:8396: result: yes
configure:8426: checking whether g++ linker accepts -mt
configure:8439: g++ -o conftest       conftest.cpp  -mt >&5
g++: error: unrecognized command-line option '-mt'; did you mean '-MT'?
configure:8439: $? = 1
configure: failed program was:
| /* confdefs.h */
| #define PACKAGE_NAME "Verilator"
| #define PACKAGE_TARNAME "verilator"
| #define PACKAGE_VERSION "5.008 2023-03-04"
| #define PACKAGE_STRING "Verilator 5.008 2023-03-04"
| #define PACKAGE_BUGREPORT "https://verilator.org"
| #define PACKAGE_URL "https://verilator.org"
| #define PACKAGE_VERSION_NUMBER_STRING "5.008"
| #define HAVE_STDIO_H 1
| #define HAVE_STDLIB_H 1
| #define HAVE_STRING_H 1
| #define HAVE_INTTYPES_H 1
| #define HAVE_STDINT_H 1
| #define HAVE_STRINGS_H 1
| #define HAVE_SYS_STAT_H 1
| #define HAVE_SYS_TYPES_H 1
| #define HAVE_UNISTD_H 1
| #define STDC_HEADERS 1
| #define HAVE_COROUTINES 1
| /* end confdefs.h.  */
| 
| int
| main (void)
| {
| 
|   ;
|   return 0;
| }
configure:8452: result: no
configure:8477: checking whether g++ linker accepts -pthread
configure:8490: g++ -o conftest       conftest.cpp  -pthread >&5
configure:8490: $? = 0
configure:8503: result: yes
configure:8528: checking whether g++ linker accepts -lpthread
configure:8541: g++ -o conftest       conftest.cpp  -lpthread >&5
configure:8541: $? = 0
configure:8554: result: yes
configure:8579: checking whether g++ linker accepts -latomic
configure:8592: g++ -o conftest       conftest.cpp  -latomic >&5
configure:8592: $? = 0
configure:8605: result: yes
configure:8635: checking whether g++ linker accepts -static-libgcc
configure:8648: g++ -o conftest       conftest.cpp  -static-libgcc >&5
configure:8648: $? = 0
configure:8661: result: yes
configure:8683: checking whether g++ linker accepts -static-libstdc++
configure:8696: g++ -o conftest       conftest.cpp  -static-libstdc++ >&5
configure:8696: $? = 0
configure:8709: result: yes
configure:8731: checking whether g++ linker accepts -Xlinker -gc-sections
configure:8744: g++ -o conftest       conftest.cpp  -Xlinker -gc-sections >&5
configure:8744: $? = 0
configure:8757: result: yes
configure:8789: checking whether g++ linker accepts -lpthread
configure:8802: g++ -o conftest       conftest.cpp  -lpthread >&5
configure:8802: $? = 0
configure:8815: result: yes
configure:8839: checking whether g++ linker accepts -lbcrypt
configure:8852: g++ -o conftest       conftest.cpp  -lbcrypt >&5
/usr/bin/ld: cannot find -lbcrypt: No such file or directory
collect2: error: ld returned 1 exit status
configure:8852: $? = 1
configure: failed program was:
| /* confdefs.h */
| #define PACKAGE_NAME "Verilator"
| #define PACKAGE_TARNAME "verilator"
| #define PACKAGE_VERSION "5.008 2023-03-04"
| #define PACKAGE_STRING "Verilator 5.008 2023-03-04"
| #define PACKAGE_BUGREPORT "https://verilator.org"
| #define PACKAGE_URL "https://verilator.org"
| #define PACKAGE_VERSION_NUMBER_STRING "5.008"
| #define HAVE_STDIO_H 1
| #define HAVE_STDLIB_H 1
| #define HAVE_STRING_H 1
| #define HAVE_INTTYPES_H 1
| #define HAVE_STDINT_H 1
| #define HAVE_STRINGS_H 1
| #define HAVE_SYS_STAT_H 1
| #define HAVE_SYS_TYPES_H 1
| #define HAVE_UNISTD_H 1
| #define STDC_HEADERS 1
| #define HAVE_COROUTINES 1
| /* end confdefs.h.  */
| 
| int
| main (void)
| {
| 
|   ;
|   return 0;
| }
configure:8865: result: no
configure:8887: checking whether g++ linker accepts -lpsapi
configure:8900: g++ -o conftest       conftest.cpp  -lpsapi >&5
/usr/bin/ld: cannot find -lpsapi: No such file or directory
collect2: error: ld returned 1 exit status
configure:8900: $? = 1
configure: failed program was:
| /* confdefs.h */
| #define PACKAGE_NAME "Verilator"
| #define PACKAGE_TARNAME "verilator"
| #define PACKAGE_VERSION "5.008 2023-03-04"
| #define PACKAGE_STRING "Verilator 5.008 2023-03-04"
| #define PACKAGE_BUGREPORT "https://verilator.org"
| #define PACKAGE_URL "https://verilator.org"
| #define PACKAGE_VERSION_NUMBER_STRING "5.008"
| #define HAVE_STDIO_H 1
| #define HAVE_STDLIB_H 1
| #define HAVE_STRING_H 1
| #define HAVE_INTTYPES_H 1
| #define HAVE_STDINT_H 1
| #define HAVE_STRINGS_H 1
| #define HAVE_SYS_STAT_H 1
| #define HAVE_SYS_TYPES_H 1
| #define HAVE_UNISTD_H 1
| #define STDC_HEADERS 1
| #define HAVE_COROUTINES 1
| /* end confdefs.h.  */
| 
| int
| main (void)
| {
| 
|   ;
|   return 0;
| }
configure:8913: result: no
configure:8935: checking whether g++ linker accepts -l:libtcmalloc_minimal.a
configure:8948: g++ -o conftest       conftest.cpp  -l:libtcmalloc_minimal.a >&5
configure:8948: $? = 0
configure:8961: result: yes
configure:8983: checking whether g++ accepts -fno-builtin-malloc
configure:8996: g++ -o conftest   -fno-builtin-malloc -Werror     conftest.cpp  >&5
configure:8996: $? = 0
configure:9024: g++ -c   -fno-builtin-malloc -Werror   conftest.cpp >&5
conftest.cpp:21:1: error: 'an_error' does not name a type
   21 | an_error "intentional-error-for-test.h"
      | ^~~~~~~~
configure:9024: $? = 1
configure: failed program was:
| /* confdefs.h */
| #define PACKAGE_NAME "Verilator"
| #define PACKAGE_TARNAME "verilator"
| #define PACKAGE_VERSION "5.008 2023-03-04"
| #define PACKAGE_STRING "Verilator 5.008 2023-03-04"
| #define PACKAGE_BUGREPORT "https://verilator.org"
| #define PACKAGE_URL "https://verilator.org"
| #define PACKAGE_VERSION_NUMBER_STRING "5.008"
| #define HAVE_STDIO_H 1
| #define HAVE_STDLIB_H 1
| #define HAVE_STRING_H 1
| #define HAVE_INTTYPES_H 1
| #define HAVE_STDINT_H 1
| #define HAVE_STRINGS_H 1
| #define HAVE_SYS_STAT_H 1
| #define HAVE_SYS_TYPES_H 1
| #define HAVE_UNISTD_H 1
| #define STDC_HEADERS 1
| #define HAVE_COROUTINES 1
| /* end confdefs.h.  */
| an_error "intentional-error-for-test.h"
| 
| int
| main (void)
| {
| 
|   ;
|   return 0;
| }
configure:9036: result: yes
configure:9061: checking whether g++ accepts -fno-builtin-calloc
configure:9074: g++ -o conftest   -fno-builtin-calloc -Werror     conftest.cpp  >&5
configure:9074: $? = 0
configure:9102: g++ -c   -fno-builtin-calloc -Werror   conftest.cpp >&5
conftest.cpp:21:1: error: 'an_error' does not name a type
   21 | an_error "intentional-error-for-test.h"
      | ^~~~~~~~
configure:9102: $? = 1
configure: failed program was:
| /* confdefs.h */
| #define PACKAGE_NAME "Verilator"
| #define PACKAGE_TARNAME "verilator"
| #define PACKAGE_VERSION "5.008 2023-03-04"
| #define PACKAGE_STRING "Verilator 5.008 2023-03-04"
| #define PACKAGE_BUGREPORT "https://verilator.org"
| #define PACKAGE_URL "https://verilator.org"
| #define PACKAGE_VERSION_NUMBER_STRING "5.008"
| #define HAVE_STDIO_H 1
| #define HAVE_STDLIB_H 1
| #define HAVE_STRING_H 1
| #define HAVE_INTTYPES_H 1
| #define HAVE_STDINT_H 1
| #define HAVE_STRINGS_H 1
| #define HAVE_SYS_STAT_H 1
| #define HAVE_SYS_TYPES_H 1
| #define HAVE_UNISTD_H 1
| #define STDC_HEADERS 1
| #define HAVE_COROUTINES 1
| /* end confdefs.h.  */
| an_error "intentional-error-for-test.h"
| 
| int
| main (void)
| {
| 
|   ;
|   return 0;
| }
configure:9114: result: yes
configure:9139: checking whether g++ accepts -fno-builtin-realloc
configure:9152: g++ -o conftest   -fno-builtin-realloc -Werror     conftest.cpp  >&5
configure:9152: $? = 0
configure:9180: g++ -c   -fno-builtin-realloc -Werror   conftest.cpp >&5
conftest.cpp:21:1: error: 'an_error' does not name a type
   21 | an_error "intentional-error-for-test.h"
      | ^~~~~~~~
configure:9180: $? = 1
configure: failed program was:
| /* confdefs.h */
| #define PACKAGE_NAME "Verilator"
| #define PACKAGE_TARNAME "verilator"
| #define PACKAGE_VERSION "5.008 2023-03-04"
| #define PACKAGE_STRING "Verilator 5.008 2023-03-04"
| #define PACKAGE_BUGREPORT "https://verilator.org"
| #define PACKAGE_URL "https://verilator.org"
| #define PACKAGE_VERSION_NUMBER_STRING "5.008"
| #define HAVE_STDIO_H 1
| #define HAVE_STDLIB_H 1
| #define HAVE_STRING_H 1
| #define HAVE_INTTYPES_H 1
| #define HAVE_STDINT_H 1
| #define HAVE_STRINGS_H 1
| #define HAVE_SYS_STAT_H 1
| #define HAVE_SYS_TYPES_H 1
| #define HAVE_UNISTD_H 1
| #define STDC_HEADERS 1
| #define HAVE_COROUTINES 1
| /* end confdefs.h.  */
| an_error "intentional-error-for-test.h"
| 
| int
| main (void)
| {
| 
|   ;
|   return 0;
| }
configure:9192: result: yes
configure:9217: checking whether g++ accepts -fno-builtin-free
configure:9230: g++ -o conftest   -fno-builtin-free -Werror     conftest.cpp  >&5
configure:9230: $? = 0
configure:9258: g++ -c   -fno-builtin-free -Werror   conftest.cpp >&5
conftest.cpp:21:1: error: 'an_error' does not name a type
   21 | an_error "intentional-error-for-test.h"
      | ^~~~~~~~
configure:9258: $? = 1
configure: failed program was:
| /* confdefs.h */
| #define PACKAGE_NAME "Verilator"
| #define PACKAGE_TARNAME "verilator"
| #define PACKAGE_VERSION "5.008 2023-03-04"
| #define PACKAGE_STRING "Verilator 5.008 2023-03-04"
| #define PACKAGE_BUGREPORT "https://verilator.org"
| #define PACKAGE_URL "https://verilator.org"
| #define PACKAGE_VERSION_NUMBER_STRING "5.008"
| #define HAVE_STDIO_H 1
| #define HAVE_STDLIB_H 1
| #define HAVE_STRING_H 1
| #define HAVE_INTTYPES_H 1
| #define HAVE_STDINT_H 1
| #define HAVE_STRINGS_H 1
| #define HAVE_SYS_STAT_H 1
| #define HAVE_SYS_TYPES_H 1
| #define HAVE_UNISTD_H 1
| #define STDC_HEADERS 1
| #define HAVE_COROUTINES 1
| /* end confdefs.h.  */
| an_error "intentional-error-for-test.h"
| 
| int
| main (void)
| {
| 
|   ;
|   return 0;
| }
configure:9270: result: yes
configure:9300: checking whether g++ supports C++11
configure:9319: g++ -o conftest       conftest.cpp  >&5
configure:9319: $? = 0
configure:9333: result: yes
configure:9389: checking for struct stat.st_mtim.tv_nsec
configure:9389: g++ -c     conftest.cpp >&5
configure:9389: $? = 0
configure:9389: result: yes
configure:9403: checking whether SystemC is found (in system path)
configure:9420: g++ -o conftest       conftest.cpp  -lsystemc >&5
conftest.cpp:22:10: fatal error: systemc.h: No such file or directory
   22 | #include <systemc.h>
      |          ^~~~~~~~~~~
compilation terminated.
configure:9420: $? = 1
configure: failed program was:
| /* confdefs.h */
| #define PACKAGE_NAME "Verilator"
| #define PACKAGE_TARNAME "verilator"
| #define PACKAGE_VERSION "5.008 2023-03-04"
| #define PACKAGE_STRING "Verilator 5.008 2023-03-04"
| #define PACKAGE_BUGREPORT "https://verilator.org"
| #define PACKAGE_URL "https://verilator.org"
| #define PACKAGE_VERSION_NUMBER_STRING "5.008"
| #define HAVE_STDIO_H 1
| #define HAVE_STDLIB_H 1
| #define HAVE_STRING_H 1
| #define HAVE_INTTYPES_H 1
| #define HAVE_STDINT_H 1
| #define HAVE_STRINGS_H 1
| #define HAVE_SYS_STAT_H 1
| #define HAVE_SYS_TYPES_H 1
| #define HAVE_UNISTD_H 1
| #define STDC_HEADERS 1
| #define HAVE_COROUTINES 1
| #define HAVE_STAT_NSEC 1
| /* end confdefs.h.  */
| #include <systemc.h>
|                      extern "C" int sc_main(int argc, char* argv[]) {}
| 
| int
| main (void)
| {
| sc_version()
|   ;
|   return 0;
| }
configure:9431: result: no
configure:9550: creating ./config.status

## ---------------------- ##
## Running config.status. ##
## ---------------------- ##

This file was extended by Verilator config.status 5.008 2023-03-04, which was
generated by GNU Autoconf 2.71.  Invocation command line was

  CONFIG_FILES    = 
  CONFIG_HEADERS  = 
  CONFIG_LINKS    = 
  CONFIG_COMMANDS = 
  $ ./config.status 

on xiaoyuwen-VMware-Virtual-Platform

config.status:838: creating Makefile
config.status:838: creating src/Makefile
config.status:838: creating src/Makefile_obj
config.status:838: creating include/verilated.mk
config.status:838: creating include/verilated_config.h
config.status:838: creating verilator.pc
config.status:838: creating verilator-config.cmake
config.status:838: creating verilator-config-version.cmake
config.status:838: creating src/config_build.h
configure:10718: result: 
configure:10720: result: Now type 'make' (or sometimes 'gmake') to build Verilator.
configure:10722: result: 

## ---------------- ##
## Cache variables. ##
## ---------------- ##

ac_cv_c_compiler_gnu=yes
ac_cv_c_inline=inline
ac_cv_cxx_compiler_gnu=yes
ac_cv_env_CCC_set=
ac_cv_env_CCC_value=
ac_cv_env_CC_set=
ac_cv_env_CC_value=
ac_cv_env_CFLAGS_set=
ac_cv_env_CFLAGS_value=
ac_cv_env_CPPFLAGS_set=
ac_cv_env_CPPFLAGS_value=
ac_cv_env_CXXFLAGS_set=
ac_cv_env_CXXFLAGS_value=
ac_cv_env_CXX_set=
ac_cv_env_CXX_value=
ac_cv_env_LDFLAGS_set=
ac_cv_env_LDFLAGS_value=
ac_cv_env_LIBS_set=
ac_cv_env_LIBS_value=
ac_cv_env_build_alias_set=
ac_cv_env_build_alias_value=
ac_cv_env_host_alias_set=
ac_cv_env_host_alias_value=
ac_cv_env_target_alias_set=
ac_cv_env_target_alias_value=
ac_cv_header_inttypes_h=yes
ac_cv_header_stdint_h=yes
ac_cv_header_stdio_h=yes
ac_cv_header_stdlib_h=yes
ac_cv_header_string_h=yes
ac_cv_header_strings_h=yes
ac_cv_header_sys_stat_h=yes
ac_cv_header_sys_types_h=yes
ac_cv_header_unistd_h=yes
ac_cv_member_struct_stat_st_mtim_tv_nsec=yes
ac_cv_objext=o
ac_cv_path_LEX=/usr/bin/flex
ac_cv_path_PERL=/usr/bin/perl
ac_cv_path_PYTHON3=/usr/bin/python3
ac_cv_path_YACC=/usr/bin/bison
ac_cv_path_install='/usr/bin/install -c'
ac_cv_prog_AR=ar
ac_cv_prog_OBJCACHE=ccache
ac_cv_prog_ac_ct_CC=gcc
ac_cv_prog_ac_ct_CXX=g++
ac_cv_prog_cc_c11=
ac_cv_prog_cc_g=yes
ac_cv_prog_cc_stdc=
ac_cv_prog_cxx_cxx11=
ac_cv_prog_cxx_g=yes
ac_cv_prog_cxx_stdcxx=
ac_cv_type_size_t=yes

## ----------------- ##
## Output variables. ##
## ----------------- ##

AR='ar'
CC='gcc'
CFG_CXXFLAGS_COROUTINES='-fcoroutines'
CFG_CXXFLAGS_DEBUG=' -Og -ggdb -gz'
CFG_CXXFLAGS_NO_UNUSED=' -faligned-new -fcf-protection=none -Wno-bool-operation -Wno-sign-compare -Wno-uninitialized -Wno-unused-but-set-variable -Wno-unused-parameter -Wno-unused-variable -Wno-shadow'
CFG_CXXFLAGS_PARSER=' -Wno-char-subscripts -Wno-unused'
CFG_CXXFLAGS_PROFILE=' -pg'
CFG_CXXFLAGS_SRC=' -faligned-new -Wno-unused-parameter -Wno-shadow -fno-builtin-malloc -fno-builtin-calloc -fno-builtin-realloc -fno-builtin-free'
CFG_CXXFLAGS_STD=''
CFG_CXXFLAGS_STD_NEWEST='-std=gnu++17'
CFG_CXXFLAGS_WEXTRA=' -Wextra -Wfloat-conversion -Wlogical-op'
CFG_CXX_FLAGS_CMAKE='-faligned-new -fbracket-depth=4096 -fcf-protection=none -mno-cet -Qunused-arguments -Wno-bool-operation -Wno-tautological-bitwise-compare -Wno-parentheses-equality -Wno-sign-compare -Wno-uninitialized -Wno-unused-but-set-variable -Wno-unused-parameter -Wno-unused-variable -Wno-shadow'
CFG_LDFLAGS_DEBUG=' -gz'
CFG_LDFLAGS_SRC=' -static-libgcc -static-libstdc++ -Xlinker -gc-sections'
CFG_LDFLAGS_THREADS_CMAKE=' -mt -pthread -lpthread -latomic'
CFG_LDLIBS_THREADS=' -pthread -lpthread -latomic'
CFG_LIBS='-l:libtcmalloc_minimal.a   -lpthread'
CFG_WITH_CCWARN='no'
CFG_WITH_DEFENV='yes'
CFG_WITH_LONGTESTS='no'
CFLAGS=' '
CPPFLAGS=' '
CXX='g++'
CXXFLAGS=' '
DEFS='-DHAVE_CONFIG_H'
ECHO_C=''
ECHO_N='-n'
ECHO_T=''
EXEEXT=''
HAVE_COROUTINES=''
HAVE_SYSTEMC=''
INSTALL_DATA='${INSTALL} -m 644'
INSTALL_PROGRAM='${INSTALL}'
INSTALL_SCRIPT='${INSTALL}'
LDFLAGS=' '
LEX='/usr/bin/flex'
LIBOBJS=''
LIBS=''
LTLIBOBJS=''
OBJCACHE='ccache'
OBJEXT='o'
PACKAGE_BUGREPORT='https://verilator.org'
PACKAGE_NAME='Verilator'
PACKAGE_STRING='Verilator 5.008 2023-03-04'
PACKAGE_TARNAME='verilator'
PACKAGE_URL='https://verilator.org'
PACKAGE_VERSION='5.008 2023-03-04'
PACKAGE_VERSION_NUMBER='5.008'
PATH_SEPARATOR=':'
PERL='/usr/bin/perl'
PYTHON3='/usr/bin/python3'
SHELL='/bin/bash'
VERILATOR_VERSION_INTEGER='5008000'
YACC='/usr/bin/bison'
ac_ct_CC='gcc'
ac_ct_CXX='g++'
bindir='${exec_prefix}/bin'
build_alias=''
datadir='${datarootdir}'
datarootdir='${prefix}/share'
docdir='${datarootdir}/doc/${PACKAGE_TARNAME}'
dvidir='${docdir}'
exec_prefix='${prefix}'
host_alias=''
htmldir='${docdir}'
includedir='${prefix}/include'
infodir='${datarootdir}/info'
libdir='${exec_prefix}/lib'
libexecdir='${exec_prefix}/libexec'
localedir='${datarootdir}/locale'
localstatedir='${prefix}/var'
mandir='${datarootdir}/man'
oldincludedir='/usr/include'
pdfdir='${docdir}'
pkgconfigdir='${datarootdir}/pkgconfig'
pkgdatadir='${datarootdir}/verilator'
prefix='/usr/local'
program_transform_name='s,x,x,'
psdir='${docdir}'
runstatedir='${localstatedir}/run'
sbindir='${exec_prefix}/sbin'
sharedstatedir='${prefix}/com'
sysconfdir='${prefix}/etc'
target_alias=''

## ----------- ##
## confdefs.h. ##
## ----------- ##

/* confdefs.h */
#define PACKAGE_NAME "Verilator"
#define PACKAGE_TARNAME "verilator"
#define PACKAGE_VERSION "5.008 2023-03-04"
#define PACKAGE_STRING "Verilator 5.008 2023-03-04"
#define PACKAGE_BUGREPORT "https://verilator.org"
#define PACKAGE_URL "https://verilator.org"
#define PACKAGE_VERSION_NUMBER_STRING "5.008"
#define HAVE_STDIO_H 1
#define HAVE_STDLIB_H 1
#define HAVE_STRING_H 1
#define HAVE_INTTYPES_H 1
#define HAVE_STDINT_H 1
#define HAVE_STRINGS_H 1
#define HAVE_SYS_STAT_H 1
#define HAVE_SYS_TYPES_H 1
#define HAVE_UNISTD_H 1
#define STDC_HEADERS 1
#define HAVE_COROUTINES 1
#define HAVE_STAT_NSEC 1

configure: exit 0
